// Vitest Snapshot v1

exports[`(components/common) Textfield > take snap shot 1`] = `
<div>
  <input
    class="css-12hiyjf"
    name="search"
    type="search"
  />
</div>
`;
